#
# There is insufficient memory for the Java Runtime Environment to continue.
# Native memory allocation (malloc) failed to allocate 959392 bytes. Error detail: Chunk::new
# Possible reasons:
#   The system is out of physical RAM or swap space
#   This process is running with CompressedOops enabled, and the Java Heap may be blocking the growth of the native heap
# Possible solutions:
#   Reduce memory load on the system
#   Increase physical memory or swap space
#   Check if swap backing store is full
#   Decrease Java heap size (-Xmx/-Xms)
#   Decrease number of Java threads
#   Decrease Java thread stack sizes (-Xss)
#   Set larger code cache with -XX:ReservedCodeCacheSize=
#   JVM is running with Unscaled Compressed Oops mode in which the Java heap is
#     placed in the first 4GB address space. The Java Heap base address is the
#     maximum limit for the native heap growth. Please use -XX:HeapBaseMinAddress
#     to set the Java Heap base and to place the Java Heap above 4GB virtual address.
# This output file may be truncated or incomplete.
#
#  Out of Memory Error (arena.cpp:150), pid=24532, tid=22920
#
# JRE version: Java(TM) SE Runtime Environment (22.0.2+9) (build 22.0.2+9-70)
# Java VM: Java HotSpot(TM) 64-Bit Server VM (22.0.2+9-70, mixed mode, sharing, tiered, compressed oops, compressed class ptrs, g1 gc, windows-amd64)
# No core dump will be written. Minidumps are not enabled by default on client versions of Windows
#

---------------  S U M M A R Y ------------

Command Line: -javaagent:C:\Program Files\JetBrains\IntelliJ IDEA Community Edition 2024.3.2.1\lib\idea_rt.jar=61373:C:\Program Files\JetBrains\IntelliJ IDEA Community Edition 2024.3.2.1\bin -Dfile.encoding=UTF-8 -Dsun.stdout.encoding=UTF-8 -Dsun.stderr.encoding=UTF-8 com.Job_Portal.JobPortalApplication

Host: 11th Gen Intel(R) Core(TM) i5-11400H @ 2.70GHz, 12 cores, 7G,  Windows 11 , 64 bit Build 26100 (10.0.26100.8875)
Time: Thu Jul 30 16:41:21 2026 India Standard Time elapsed time: 3009.543408 seconds (0d 0h 50m 9s)

---------------  T H R E A D  ---------------

Current thread (0x000002ad742d4ac0):  JavaThread "C2 CompilerThread1" daemon [_thread_in_native, id=22920, stack(0x000000fecb400000,0x000000fecb500000) (1024K)]


Current CompileTask:
C2:3009543 12398       4       org.apache.tomcat.util.net.NioEndpoint$NioSocketWrapper::read (139 bytes)

Stack: [0x000000fecb400000,0x000000fecb500000]
Native frames: (J=compiled Java code, j=interpreted, Vv=VM code, C=native code)
V  [jvm.dll+0x6e26e9]  (no source info available)
V  [jvm.dll+0x875753]  (no source info available)
V  [jvm.dll+0x877b7e]  (no source info available)
V  [jvm.dll+0x878253]  (no source info available)
V  [jvm.dll+0x27fc86]  (no source info available)
V  [jvm.dll+0xc3d0f]  (no source info available)
V  [jvm.dll+0xc3f6b]  (no source info available)
V  [jvm.dll+0x3bb47c]  (no source info available)
V  [jvm.dll+0x1df6ae]  (no source info available)
V  [jvm.dll+0x24793c]  (no source info available)
V  [jvm.dll+0x246e9f]  (no source info available)
V  [jvm.dll+0x1c4e80]  (no source info available)
V  [jvm.dll+0x2568f3]  (no source info available)
V  [jvm.dll+0x254baa]  (no source info available)
V  [jvm.dll+0x3f57a6]  (no source info available)
V  [jvm.dll+0x81dc0b]  (no source info available)
V  [jvm.dll+0x6e0d85]  (no source info available)
C  [ucrtbase.dll+0x2cd30]  (no source info available)
C  [KERNEL32.DLL+0x2e957]  (no source info available)
C  [ntdll.dll+0xaad6c]  (no source info available)


---------------  P R O C E S S  ---------------

Threads class SMR info:
_java_thread_list=0x000002ad754ee3e0, length=33, elements={
0x000002ad2cf2d910, 0x000002ad2cf2df80, 0x000002ad2cf34ca0, 0x000002ad2cf37c10,
0x000002ad2cf36860, 0x000002ad2cf39650, 0x000002ad2cf4b0e0, 0x000002ad2cf4eca0,
0x000002ad2cf382a0, 0x000002ad2cf38930, 0x000002ad2cf37580, 0x000002ad74bd80e0,
0x000002ad74bd6d30, 0x000002ad74bd73c0, 0x000002ad74bd66a0, 0x000002ad74bd52f0,
0x000002ad74bd5980, 0x000002ad74bd8e00, 0x000002ad74bd9490, 0x000002ad74bd6010,
0x000002ad74bdaed0, 0x000002ad74bd9b20, 0x000002ad74bdb560, 0x000002ad74bda840,
0x000002ad74bdc280, 0x000002ad74bda1b0, 0x000002ad74bdbbf0, 0x000002ad74bdc910,
0x000002ad2cf38fc0, 0x000002ad77cbe130, 0x000002ad77cbe7c0, 0x000002ad77cbd410,
0x000002ad742d4ac0
}

Java Threads: ( => current thread )
  0x000002ad2cf2d910 JavaThread "Reference Handler"          daemon [_thread_blocked, id=24104, stack(0x000000fecbe00000,0x000000fecbf00000) (1024K)]
  0x000002ad2cf2df80 JavaThread "Finalizer"                  daemon [_thread_blocked, id=23892, stack(0x000000fecbf00000,0x000000fecc000000) (1024K)]
  0x000002ad2cf34ca0 JavaThread "Signal Dispatcher"          daemon [_thread_blocked, id=23948, stack(0x000000fecc000000,0x000000fecc100000) (1024K)]
  0x000002ad2cf37c10 JavaThread "Attach Listener"            daemon [_thread_blocked, id=23964, stack(0x000000fecc100000,0x000000fecc200000) (1024K)]
  0x000002ad2cf36860 JavaThread "Service Thread"             daemon [_thread_blocked, id=11024, stack(0x000000fecc200000,0x000000fecc300000) (1024K)]
  0x000002ad2cf39650 JavaThread "Monitor Deflation Thread"   daemon [_thread_blocked, id=13756, stack(0x000000fecc300000,0x000000fecc400000) (1024K)]
  0x000002ad2cf4b0e0 JavaThread "C2 CompilerThread0"         daemon [_thread_blocked, id=23788, stack(0x000000fecc400000,0x000000fecc500000) (1024K)]
  0x000002ad2cf4eca0 JavaThread "C1 CompilerThread0"         daemon [_thread_blocked, id=23664, stack(0x000000fecc500000,0x000000fecc600000) (1024K)]
  0x000002ad2cf382a0 JavaThread "Common-Cleaner"             daemon [_thread_blocked, id=23812, stack(0x000000fecc600000,0x000000fecc700000) (1024K)]
  0x000002ad2cf38930 JavaThread "Monitor Ctrl-Break"         daemon [_thread_in_native, id=24200, stack(0x000000fecc800000,0x000000fecc900000) (1024K)]
  0x000002ad2cf37580 JavaThread "Notification Thread"        daemon [_thread_blocked, id=1312, stack(0x000000fecc900000,0x000000fecca00000) (1024K)]
  0x000002ad74bd80e0 JavaThread "Catalina-utility-1"                [_thread_blocked, id=24428, stack(0x000000fecd100000,0x000000fecd200000) (1024K)]
  0x000002ad74bd6d30 JavaThread "Catalina-utility-2"                [_thread_blocked, id=24432, stack(0x000000fecd600000,0x000000fecd700000) (1024K)]
  0x000002ad74bd73c0 JavaThread "container-0"                       [_thread_blocked, id=24100, stack(0x000000fecd700000,0x000000fecd800000) (1024K)]
  0x000002ad74bd66a0 JavaThread "BufferPoolPruner-1-thread-1" daemon [_thread_blocked, id=24440, stack(0x000000fecd800000,0x000000fecd900000) (1024K)]
  0x000002ad74bd52f0 JavaThread "cluster-6a6b259a278f9d04abcff670-localhost:27017" daemon [_thread_in_native, id=24312, stack(0x000000fecd900000,0x000000fecda00000) (1024K)]
  0x000002ad74bd5980 JavaThread "cluster-rtt-ClusterId{value='6a6b259a278f9d04abcff670', description='null'}-localhost:27017" daemon [_thread_blocked, id=24416, stack(0x000000fecdb00000,0x000000fecdc00000) (1024K)]
  0x000002ad74bd8e00 JavaThread "MaintenanceTimer-2-thread-1" daemon [_thread_blocked, id=24328, stack(0x000000fecdc00000,0x000000fecdd00000) (1024K)]
  0x000002ad74bd9490 JavaThread "http-nio-8080-exec-1"       daemon [_thread_blocked, id=8028, stack(0x000000fecdd00000,0x000000fecde00000) (1024K)]
  0x000002ad74bd6010 JavaThread "http-nio-8080-exec-2"       daemon [_thread_blocked, id=12308, stack(0x000000fecde00000,0x000000fecdf00000) (1024K)]
  0x000002ad74bdaed0 JavaThread "http-nio-8080-exec-3"       daemon [_thread_blocked, id=23008, stack(0x000000fecdf00000,0x000000fece000000) (1024K)]
  0x000002ad74bd9b20 JavaThread "http-nio-8080-exec-4"       daemon [_thread_blocked, id=23012, stack(0x000000fece000000,0x000000fece100000) (1024K)]
  0x000002ad74bdb560 JavaThread "http-nio-8080-exec-5"       daemon [_thread_blocked, id=11360, stack(0x000000fece100000,0x000000fece200000) (1024K)]
  0x000002ad74bda840 JavaThread "http-nio-8080-exec-6"       daemon [_thread_blocked, id=24088, stack(0x000000fece200000,0x000000fece300000) (1024K)]
  0x000002ad74bdc280 JavaThread "http-nio-8080-exec-7"       daemon [_thread_blocked, id=24224, stack(0x000000fece300000,0x000000fece400000) (1024K)]
  0x000002ad74bda1b0 JavaThread "http-nio-8080-exec-8"       daemon [_thread_blocked, id=23884, stack(0x000000fece400000,0x000000fece500000) (1024K)]
  0x000002ad74bdbbf0 JavaThread "http-nio-8080-exec-9"       daemon [_thread_blocked, id=24228, stack(0x000000fece500000,0x000000fece600000) (1024K)]
  0x000002ad74bdc910 JavaThread "http-nio-8080-exec-10"      daemon [_thread_blocked, id=17468, stack(0x000000fece600000,0x000000fece700000) (1024K)]
  0x000002ad2cf38fc0 JavaThread "http-nio-8080-Poller"       daemon [_thread_in_native, id=7260, stack(0x000000fece700000,0x000000fece800000) (1024K)]
  0x000002ad77cbe130 JavaThread "http-nio-8080-Acceptor"     daemon [_thread_in_native, id=23764, stack(0x000000fece800000,0x000000fece900000) (1024K)]
  0x000002ad77cbe7c0 JavaThread "scheduling-1"                      [_thread_blocked, id=24196, stack(0x000000fece900000,0x000000fecea00000) (1024K)]
  0x000002ad77cbd410 JavaThread "DestroyJavaVM"                     [_thread_blocked, id=23696, stack(0x000000fecb600000,0x000000fecb700000) (1024K)]
=>0x000002ad742d4ac0 JavaThread "C2 CompilerThread1"         daemon [_thread_in_native, id=22920, stack(0x000000fecb400000,0x000000fecb500000) (1024K)]
Total: 33

Other Threads:
  0x000002ad2cf10e30 VMThread "VM Thread"                           [id=24568, stack(0x000000fecbd00000,0x000000fecbe00000) (1024K)]
  0x000002ad2cef49a0 WatcherThread "VM Periodic Task Thread"        [id=24572, stack(0x000000fecbc00000,0x000000fecbd00000) (1024K)]
  0x000002ad103cf9e0 WorkerThread "GC Thread#0"                     [id=23700, stack(0x000000fecb700000,0x000000fecb800000) (1024K)]
  0x000002ad72ad3340 WorkerThread "GC Thread#1"                     [id=24044, stack(0x000000fecca00000,0x000000feccb00000) (1024K)]
  0x000002ad72d45890 WorkerThread "GC Thread#2"                     [id=23732, stack(0x000000feccb00000,0x000000feccc00000) (1024K)]
  0x000002ad730a3ff0 WorkerThread "GC Thread#3"                     [id=12336, stack(0x000000feccc00000,0x000000feccd00000) (1024K)]
  0x000002ad72cb8fd0 WorkerThread "GC Thread#4"                     [id=24096, stack(0x000000feccd00000,0x000000fecce00000) (1024K)]
  0x000002ad72b12b90 WorkerThread "GC Thread#5"                     [id=13724, stack(0x000000fecce00000,0x000000feccf00000) (1024K)]
  0x000002ad72f823d0 WorkerThread "GC Thread#6"                     [id=23776, stack(0x000000feccf00000,0x000000fecd000000) (1024K)]
  0x000002ad72e32020 WorkerThread "GC Thread#7"                     [id=23996, stack(0x000000fecd000000,0x000000fecd100000) (1024K)]
  0x000002ad733843f0 WorkerThread "GC Thread#8"                     [id=9292, stack(0x000000fecd200000,0x000000fecd300000) (1024K)]
  0x000002ad733847a0 WorkerThread "GC Thread#9"                     [id=24508, stack(0x000000fecd300000,0x000000fecd400000) (1024K)]
  0x000002ad103e0350 ConcurrentGCThread "G1 Main Marker"            [id=23640, stack(0x000000fecb800000,0x000000fecb900000) (1024K)]
  0x000002ad103e2e30 WorkerThread "G1 Conc#0"                       [id=23684, stack(0x000000fecb900000,0x000000fecba00000) (1024K)]
  0x000002ad736051a0 WorkerThread "G1 Conc#1"                       [id=24424, stack(0x000000fecd400000,0x000000fecd500000) (1024K)]
  0x000002ad73c0b6c0 WorkerThread "G1 Conc#2"                       [id=24276, stack(0x000000fecd500000,0x000000fecd600000) (1024K)]
  0x000002ad1042e940 ConcurrentGCThread "G1 Refine#0"               [id=24216, stack(0x000000fecba00000,0x000000fecbb00000) (1024K)]
  0x000002ad2cdc15e0 ConcurrentGCThread "G1 Service"                [id=23852, stack(0x000000fecbb00000,0x000000fecbc00000) (1024K)]
Total: 18

Threads with active compile tasks:
C2 CompilerThread1  3009608 12398       4       org.apache.tomcat.util.net.NioEndpoint$NioSocketWrapper::read (139 bytes)
Total: 1

VM state: not at safepoint (normal execution)

VM Mutex/Monitor currently owned by a thread: None

Heap address: 0x0000000084400000, size: 1980 MB, Compressed Oops mode: 32-bit

CDS archive(s) mapped at: [0x000002ad2d000000-0x000002ad2dc60000-0x000002ad2dc60000), size 12976128, SharedBaseAddress: 0x000002ad2d000000, ArchiveRelocationMode: 1.
Compressed class space mapped at: 0x000002ad2e000000-0x000002ad6e000000, reserved size: 1073741824
Narrow klass base: 0x000002ad2d000000, Narrow klass shift: 0, Narrow klass range: 0x41000000

GC Precious Log:
 CardTable entry size: 512
 Card Set container configuration: InlinePtr #cards 5 size 8 Array Of Cards #cards 12 size 40 Howl #buckets 4 coarsen threshold 1843 Howl Bitmap #cards 512 size 80 coarsen threshold 460 Card regions per heap region 1 cards per card region 2048
 CPUs: 12 total, 12 available
 Memory: 7914M
 Large Page Support: Disabled
 NUMA Support: Disabled
 Compressed Oops: Enabled (32-bit)
 Heap Region Size: 1M
 Heap Min Capacity: 8M
 Heap Initial Capacity: 124M
 Heap Max Capacity: 1980M
 Pre-touch: Disabled
 Parallel Workers: 10
 Concurrent Workers: 3
 Concurrent Refinement Workers: 10
 Periodic GC: Disabled

Heap:
 garbage-first heap   total reserved 2027520K, committed 86016K, used 59934K [0x0000000084400000, 0x0000000100000000)
  region size 1024K, 39 young (39936K), 2 survivors (2048K)
 Metaspace       used 54113K, committed 55040K, reserved 1114112K
  class space    used 6900K, committed 7360K, reserved 1048576K

Heap Regions: E=young(eden), S=young(survivor), O=old, HS=humongous(starts), HC=humongous(continues), CS=collection set, F=free, TAMS=top-at-mark-start, PB=parsable bottom
|   0|0x0000000084400000, 0x0000000084500000, 0x0000000084500000|100%| O|  |TAMS 0x0000000084400000| PB 0x0000000084400000| Untracked |  0
|   1|0x0000000084500000, 0x0000000084600000, 0x0000000084600000|100%| O|  |TAMS 0x0000000084500000| PB 0x0000000084500000| Untracked |  0
|   2|0x0000000084600000, 0x0000000084700000, 0x0000000084700000|100%| O|  |TAMS 0x0000000084600000| PB 0x0000000084600000| Untracked |  0
|   3|0x0000000084700000, 0x0000000084800000, 0x0000000084800000|100%| O|  |TAMS 0x0000000084700000| PB 0x0000000084700000| Untracked |  0
|   4|0x0000000084800000, 0x0000000084900000, 0x0000000084900000|100%| O|  |TAMS 0x0000000084800000| PB 0x0000000084800000| Untracked |  0
|   5|0x0000000084900000, 0x0000000084a00000, 0x0000000084a00000|100%| O|  |TAMS 0x0000000084900000| PB 0x0000000084900000| Untracked |  0
|   6|0x0000000084a00000, 0x0000000084b00000, 0x0000000084b00000|100%| O|  |TAMS 0x0000000084a00000| PB 0x0000000084a00000| Untracked |  0
|   7|0x0000000084b00000, 0x0000000084c00000, 0x0000000084c00000|100%| O|  |TAMS 0x0000000084b00000| PB 0x0000000084b00000| Untracked |  0
|   8|0x0000000084c00000, 0x0000000084d00000, 0x0000000084d00000|100%| O|  |TAMS 0x0000000084c00000| PB 0x0000000084c00000| Untracked |  0
|   9|0x0000000084d00000, 0x0000000084dcb1c8, 0x0000000084e00000| 79%| O|  |TAMS 0x0000000084d00000| PB 0x0000000084d00000| Untracked |  0
|  10|0x0000000084e00000, 0x0000000084f00000, 0x0000000084f00000|100%| O|  |TAMS 0x0000000084e00000| PB 0x0000000084e00000| Untracked |  0
|  11|0x0000000084f00000, 0x0000000084f02430, 0x0000000085000000|  0%| O|  |TAMS 0x0000000084f00000| PB 0x0000000084f00000| Untracked |  0
|  12|0x0000000085000000, 0x0000000085100000, 0x0000000085100000|100%| O|  |TAMS 0x0000000085000000| PB 0x0000000085000000| Untracked |  0
|  13|0x0000000085100000, 0x0000000085200000, 0x0000000085200000|100%| O|  |TAMS 0x0000000085100000| PB 0x0000000085100000| Untracked |  0
|  14|0x0000000085200000, 0x00000000852e7760, 0x0000000085300000| 90%| O|  |TAMS 0x0000000085200000| PB 0x0000000085200000| Untracked |  0
|  15|0x0000000085300000, 0x0000000085400000, 0x0000000085400000|100%| O|  |TAMS 0x0000000085300000| PB 0x0000000085300000| Untracked |  0
|  16|0x0000000085400000, 0x00000000854da190, 0x0000000085500000| 85%| O|  |TAMS 0x0000000085400000| PB 0x0000000085400000| Untracked |  0
|  17|0x0000000085500000, 0x0000000085600000, 0x0000000085600000|100%| O|  |TAMS 0x0000000085500000| PB 0x0000000085500000| Untracked |  0
|  18|0x0000000085600000, 0x00000000856eaef0, 0x0000000085700000| 91%| O|  |TAMS 0x0000000085600000| PB 0x0000000085600000| Untracked |  0
|  19|0x0000000085700000, 0x00000000857eca58, 0x0000000085800000| 92%| O|Cm|TAMS 0x0000000085700000| PB 0x0000000085700000| Complete |  0
|  20|0x0000000085800000, 0x0000000085900000, 0x0000000085900000|100%| O|  |TAMS 0x0000000085800000| PB 0x0000000085800000| Untracked |  0
|  21|0x0000000085900000, 0x0000000085a00000, 0x0000000085a00000|100%| O|  |TAMS 0x0000000085900000| PB 0x0000000085900000| Untracked |  0
|  22|0x0000000085a00000, 0x0000000085a00000, 0x0000000085b00000|  0%| F|  |TAMS 0x0000000085a00000| PB 0x0000000085a00000| Untracked |  0
|  23|0x0000000085b00000, 0x0000000085b00000, 0x0000000085c00000|  0%| F|  |TAMS 0x0000000085b00000| PB 0x0000000085b00000| Untracked |  0
|  24|0x0000000085c00000, 0x0000000085d00000, 0x0000000085d00000|100%| O|  |TAMS 0x0000000085c00000| PB 0x0000000085c00000| Untracked |  0
|  25|0x0000000085d00000, 0x0000000085d00000, 0x0000000085e00000|  0%| F|  |TAMS 0x0000000085d00000| PB 0x0000000085d00000| Untracked |  0
|  26|0x0000000085e00000, 0x0000000085e00000, 0x0000000085f00000|  0%| F|  |TAMS 0x0000000085e00000| PB 0x0000000085e00000| Untracked |  0
|  27|0x0000000085f00000, 0x0000000085f00000, 0x0000000086000000|  0%| F|  |TAMS 0x0000000085f00000| PB 0x0000000085f00000| Untracked |  0
|  28|0x0000000086000000, 0x0000000086000000, 0x0000000086100000|  0%| F|  |TAMS 0x0000000086000000| PB 0x0000000086000000| Untracked |  0
|  29|0x0000000086100000, 0x0000000086100000, 0x0000000086200000|  0%| F|  |TAMS 0x0000000086100000| PB 0x0000000086100000| Untracked |  0
|  30|0x0000000086200000, 0x0000000086200000, 0x0000000086300000|  0%| F|  |TAMS 0x0000000086200000| PB 0x0000000086200000| Untracked |  0
|  31|0x0000000086300000, 0x0000000086321030, 0x0000000086400000| 12%| S|CS|TAMS 0x0000000086300000| PB 0x0000000086300000| Complete |  0
|  32|0x0000000086400000, 0x0000000086500000, 0x0000000086500000|100%| S|CS|TAMS 0x0000000086400000| PB 0x0000000086400000| Complete |  0
|  33|0x0000000086500000, 0x0000000086500000, 0x0000000086600000|  0%| F|  |TAMS 0x0000000086500000| PB 0x0000000086500000| Untracked |  0
|  34|0x0000000086600000, 0x0000000086600000, 0x0000000086700000|  0%| F|  |TAMS 0x0000000086600000| PB 0x0000000086600000| Untracked |  0
|  35|0x0000000086700000, 0x0000000086700000, 0x0000000086800000|  0%| F|  |TAMS 0x0000000086700000| PB 0x0000000086700000| Untracked |  0
|  36|0x0000000086800000, 0x0000000086800000, 0x0000000086900000|  0%| F|  |TAMS 0x0000000086800000| PB 0x0000000086800000| Untracked |  0
|  37|0x0000000086900000, 0x0000000086900000, 0x0000000086a00000|  0%| F|  |TAMS 0x0000000086900000| PB 0x0000000086900000| Untracked |  0
|  38|0x0000000086a00000, 0x0000000086a00000, 0x0000000086b00000|  0%| F|  |TAMS 0x0000000086a00000| PB 0x0000000086a00000| Untracked |  0
|  39|0x0000000086b00000, 0x0000000086b00000, 0x0000000086c00000|  0%| F|  |TAMS 0x0000000086b00000| PB 0x0000000086b00000| Untracked |  0
|  40|0x0000000086c00000, 0x0000000086c00000, 0x0000000086d00000|  0%| F|  |TAMS 0x0000000086c00000| PB 0x0000000086c00000| Untracked |  0
|  41|0x0000000086d00000, 0x0000000086d00000, 0x0000000086e00000|  0%| F|  |TAMS 0x0000000086d00000| PB 0x0000000086d00000| Untracked |  0
|  42|0x0000000086e00000, 0x0000000086e00000, 0x0000000086f00000|  0%| F|  |TAMS 0x0000000086e00000| PB 0x0000000086e00000| Untracked |  0
|  43|0x0000000086f00000, 0x0000000086f00000, 0x0000000087000000|  0%| F|  |TAMS 0x0000000086f00000| PB 0x0000000086f00000| Untracked |  0
|  44|0x0000000087000000, 0x0000000087000000, 0x0000000087100000|  0%| F|  |TAMS 0x0000000087000000| PB 0x0000000087000000| Untracked |  0
|  45|0x0000000087100000, 0x0000000087100000, 0x0000000087200000|  0%| F|  |TAMS 0x0000000087100000| PB 0x0000000087100000| Untracked |  0
|  46|0x0000000087200000, 0x000000008728eda0, 0x0000000087300000| 55%| E|  |TAMS 0x0000000087200000| PB 0x0000000087200000| Complete |  0
|  47|0x0000000087300000, 0x0000000087400000, 0x0000000087400000|100%| E|  |TAMS 0x0000000087300000| PB 0x0000000087300000| Complete |  0
|  48|0x0000000087400000, 0x0000000087500000, 0x0000000087500000|100%| E|CS|TAMS 0x0000000087400000| PB 0x0000000087400000| Complete |  0
|  49|0x0000000087500000, 0x0000000087600000, 0x0000000087600000|100%| E|CS|TAMS 0x0000000087500000| PB 0x0000000087500000| Complete |  0
|  50|0x0000000087600000, 0x0000000087700000, 0x0000000087700000|100%| E|CS|TAMS 0x0000000087600000| PB 0x0000000087600000| Complete |  0
|  51|0x0000000087700000, 0x0000000087800000, 0x0000000087800000|100%| E|CS|TAMS 0x0000000087700000| PB 0x0000000087700000| Complete |  0
|  52|0x0000000087800000, 0x0000000087900000, 0x0000000087900000|100%| E|CS|TAMS 0x0000000087800000| PB 0x0000000087800000| Complete |  0
|  53|0x0000000087900000, 0x0000000087a00000, 0x0000000087a00000|100%| E|CS|TAMS 0x0000000087900000| PB 0x0000000087900000| Complete |  0
|  54|0x0000000087a00000, 0x0000000087b00000, 0x0000000087b00000|100%| E|CS|TAMS 0x0000000087a00000| PB 0x0000000087a00000| Complete |  0
|  55|0x0000000087b00000, 0x0000000087c00000, 0x0000000087c00000|100%| E|CS|TAMS 0x0000000087b00000| PB 0x0000000087b00000| Complete |  0
|  56|0x0000000087c00000, 0x0000000087d00000, 0x0000000087d00000|100%| E|CS|TAMS 0x0000000087c00000| PB 0x0000000087c00000| Complete |  0
|  57|0x0000000087d00000, 0x0000000087e00000, 0x0000000087e00000|100%| E|CS|TAMS 0x0000000087d00000| PB 0x0000000087d00000| Complete |  0
|  58|0x0000000087e00000, 0x0000000087f00000, 0x0000000087f00000|100%| E|CS|TAMS 0x0000000087e00000| PB 0x0000000087e00000| Complete |  0
|  59|0x0000000087f00000, 0x0000000088000000, 0x0000000088000000|100%| E|CS|TAMS 0x0000000087f00000| PB 0x0000000087f00000| Complete |  0
|  60|0x0000000088000000, 0x0000000088100000, 0x0000000088100000|100%| E|CS|TAMS 0x0000000088000000| PB 0x0000000088000000| Complete |  0
|  61|0x0000000088100000, 0x0000000088200000, 0x0000000088200000|100%| E|CS|TAMS 0x0000000088100000| PB 0x0000000088100000| Complete |  0
|  62|0x0000000088200000, 0x0000000088300000, 0x0000000088300000|100%| E|CS|TAMS 0x0000000088200000| PB 0x0000000088200000| Complete |  0
|  63|0x0000000088300000, 0x0000000088400000, 0x0000000088400000|100%| E|CS|TAMS 0x0000000088300000| PB 0x0000000088300000| Complete |  0
|  64|0x0000000088400000, 0x0000000088500000, 0x0000000088500000|100%| E|CS|TAMS 0x0000000088400000| PB 0x0000000088400000| Complete |  0
|  65|0x0000000088500000, 0x0000000088600000, 0x0000000088600000|100%| E|CS|TAMS 0x0000000088500000| PB 0x0000000088500000| Complete |  0
|  66|0x0000000088600000, 0x0000000088700000, 0x0000000088700000|100%| E|CS|TAMS 0x0000000088600000| PB 0x0000000088600000| Complete |  0
|  67|0x0000000088700000, 0x0000000088800000, 0x0000000088800000|100%| E|CS|TAMS 0x0000000088700000| PB 0x0000000088700000| Complete |  0
|  68|0x0000000088800000, 0x0000000088900000, 0x0000000088900000|100%| E|CS|TAMS 0x0000000088800000| PB 0x0000000088800000| Complete |  0
|  69|0x0000000088900000, 0x0000000088a00000, 0x0000000088a00000|100%| E|CS|TAMS 0x0000000088900000| PB 0x0000000088900000| Complete |  0
|  70|0x0000000088a00000, 0x0000000088b00000, 0x0000000088b00000|100%| E|CS|TAMS 0x0000000088a00000| PB 0x0000000088a00000| Complete |  0
|  71|0x0000000088b00000, 0x0000000088c00000, 0x0000000088c00000|100%| E|CS|TAMS 0x0000000088b00000| PB 0x0000000088b00000| Complete |  0
|  72|0x0000000088c00000, 0x0000000088d00000, 0x0000000088d00000|100%| E|CS|TAMS 0x0000000088c00000| PB 0x0000000088c00000| Complete |  0
|  73|0x0000000088d00000, 0x0000000088e00000, 0x0000000088e00000|100%| E|CS|TAMS 0x0000000088d00000| PB 0x0000000088d00000| Complete |  0
|  74|0x0000000088e00000, 0x0000000088f00000, 0x0000000088f00000|100%| E|CS|TAMS 0x0000000088e00000| PB 0x0000000088e00000| Complete |  0
|  75|0x0000000088f00000, 0x0000000089000000, 0x0000000089000000|100%| E|CS|TAMS 0x0000000088f00000| PB 0x0000000088f00000| Complete |  0
|  76|0x0000000089000000, 0x0000000089100000, 0x0000000089100000|100%| E|CS|TAMS 0x0000000089000000| PB 0x0000000089000000| Complete |  0
|  94|0x000000008a200000, 0x000000008a300000, 0x000000008a300000|100%| E|CS|TAMS 0x000000008a200000| PB 0x000000008a200000| Complete |  0
|  95|0x000000008a300000, 0x000000008a400000, 0x000000008a400000|100%| E|CS|TAMS 0x000000008a300000| PB 0x000000008a300000| Complete |  0
|  96|0x000000008a400000, 0x000000008a500000, 0x000000008a500000|100%| E|CS|TAMS 0x000000008a400000| PB 0x000000008a400000| Complete |  0
|  97|0x000000008a500000, 0x000000008a600000, 0x000000008a600000|100%| E|CS|TAMS 0x000000008a500000| PB 0x000000008a500000| Complete |  0
|  98|0x000000008a600000, 0x000000008a700000, 0x000000008a700000|100%| E|CS|TAMS 0x000000008a600000| PB 0x000000008a600000| Complete |  0
| 438|0x000000009fa00000, 0x000000009fb00000, 0x000000009fb00000|100%| E|CS|TAMS 0x000000009fa00000| PB 0x000000009fa00000| Complete |  0
|1979|0x00000000fff00000, 0x0000000100000000, 0x0000000100000000|100%| O|  |TAMS 0x00000000fff00000| PB 0x00000000fff00000| Untracked |  0

Card table byte_map: [0x000002ad27ff0000,0x000002ad283d0000] _byte_map_base: 0x000002ad27bce000

Marking Bits: (CMBitMap*) 0x000002ad103d00f0
 Bits: [0x000002ad283d0000, 0x000002ad2a2c0000)

Polling page: 0x000002ad0e2c0000

Metaspace:

Usage:
  Non-class:     46.11 MB used.
      Class:      6.74 MB used.
       Both:     52.85 MB used.

Virtual space:
  Non-class space:       64.00 MB reserved,      46.56 MB ( 73%) committed,  1 nodes.
      Class space:        1.00 GB reserved,       7.19 MB ( <1%) committed,  1 nodes.
             Both:        1.06 GB reserved,      53.75 MB (  5%) committed. 

Chunk freelists:
   Non-Class:  853.00 KB
       Class:  8.97 MB
        Both:  9.80 MB

MaxMetaspaceSize: unlimited
CompressedClassSpaceSize: 1.00 GB
Initial GC threshold: 21.00 MB
Current GC threshold: 89.31 MB
CDS: on
 - commit_granule_bytes: 65536.
 - commit_granule_words: 8192.
 - virtual_space_node_default_size: 8388608.
 - enlarge_chunks_in_place: 1.
 - use_allocation_guard: 0.


Internal statistics:

num_allocs_failed_limit: 8.
num_arena_births: 1292.
num_arena_deaths: 456.
num_vsnodes_births: 2.
num_vsnodes_deaths: 0.
num_space_committed: 860.
num_space_uncommitted: 0.
num_chunks_returned_to_freelist: 542.
num_chunks_taken_from_freelist: 3613.
num_chunk_merges: 153.
num_chunk_splits: 2317.
num_chunks_enlarged: 1621.
num_inconsistent_stats: 0.

CodeHeap 'non-profiled nmethods': size=120000Kb used=5636Kb max_used=5841Kb free=114363Kb
 bounds [0x000002ad20190000, 0x000002ad20780000, 0x000002ad276c0000]
CodeHeap 'profiled nmethods': size=120000Kb used=5024Kb max_used=20422Kb free=114976Kb
 bounds [0x000002ad186c0000, 0x000002ad19ac0000, 0x000002ad1fbf0000]
CodeHeap 'non-nmethods': size=5760Kb used=1810Kb max_used=1869Kb free=3949Kb
 bounds [0x000002ad1fbf0000, 0x000002ad1fe60000, 0x000002ad20190000]
 total_blobs=3395 nmethods=2730 adapters=567
 compilation: enabled
              stopped_count=0, restarted_count=0
 full_count=0

Compilation events (20 events):
Event: 3006.479 Thread 0x000002ad2cf4b0e0 12439       4       com.mongodb.internal.connection.UsageTrackingInternalConnection::getDescription (10 bytes)
Event: 3006.480 Thread 0x000002ad2cf4b0e0 nmethod 12439 0x000002ad20410890 code [0x000002ad20410a20, 0x000002ad20410af0]
Event: 3006.480 Thread 0x000002ad2cf4b0e0 12454       4       sun.nio.ch.SocketChannelImpl::ensureOpenAndConnected (32 bytes)
Event: 3006.480 Thread 0x000002ad2cf4b0e0 nmethod 12454 0x000002ad20457710 code [0x000002ad20457880, 0x000002ad20457928]
Event: 3006.480 Thread 0x000002ad2cf4b0e0 12450   !   4       sun.nio.ch.IOUtil::releaseScope (23 bytes)
Event: 3006.480 Thread 0x000002ad2cf4b0e0 nmethod 12450 0x000002ad2045a810 code [0x000002ad2045a980, 0x000002ad2045aa20]
Event: 3006.480 Thread 0x000002ad2cf4b0e0 12453   !   4       jdk.internal.misc.ScopedMemoryAccess::copyMemory (27 bytes)
Event: 3006.483 Thread 0x000002ad2cf4b0e0 nmethod 12453 0x000002ad20662690 code [0x000002ad20662840, 0x000002ad20662c38]
Event: 3006.483 Thread 0x000002ad2cf4b0e0 12472       4       java.nio.Buffer$2::acquireSession (14 bytes)
Event: 3006.484 Thread 0x000002ad2cf4b0e0 nmethod 12472 0x000002ad2046ef10 code [0x000002ad2046f0a0, 0x000002ad2046f160]
Event: 3006.484 Thread 0x000002ad2cf4b0e0 12440       4       com.mongodb.internal.connection.UsageTrackingInternalConnection::getGeneration (10 bytes)
Event: 3006.484 Thread 0x000002ad2cf4b0e0 nmethod 12440 0x000002ad2046f510 code [0x000002ad2046f6a0, 0x000002ad2046f768]
Event: 3006.484 Thread 0x000002ad2cf4b0e0 12455   !   4       java.nio.Buffer$2::releaseSession (28 bytes)
Event: 3006.485 Thread 0x000002ad2cf4b0e0 nmethod 12455 0x000002ad20471390 code [0x000002ad20471520, 0x000002ad204715e0]
Event: 3007.333 Thread 0x000002ad2cf4b0e0 12485       4       java.time.LocalDateTime::<init> (15 bytes)
Event: 3007.333 Thread 0x000002ad2cf4eca0 12487   !   3       org.springframework.data.mongodb.core.MongoTemplate::executeFindMultiInternal (170 bytes)
Event: 3007.504 Thread 0x000002ad2cf4eca0 nmethod 12487 0x000002ad18998390 code [0x000002ad18998920, 0x000002ad1899b328]
Event: 3007.504 Thread 0x000002ad2cf4eca0 12508       3       org.springframework.data.repository.core.support.QueryExecutionResultHandler$ReturnTypeDescriptor::getReturnTypeDescriptor (51 bytes)
Event: 3007.505 Thread 0x000002ad2cf4eca0 nmethod 12508 0x000002ad197b4e90 code [0x000002ad197b5080, 0x000002ad197b55c8]
Event: 3007.505 Thread 0x000002ad2cf4b0e0 nmethod 12485 0x000002ad204b1210 code [0x000002ad204b13a0, 0x000002ad204b15f8]

GC Heap History (20 events):
Event: 2992.217 GC heap before
{Heap before GC invocations=99 (full 0):
 garbage-first heap   total reserved 2027520K, committed 86016K, used 72217K [0x0000000084400000, 0x0000000100000000)
  region size 1024K, 50 young (51200K), 2 survivors (2048K)
 Metaspace       used 54111K, committed 54976K, reserved 1114112K
  class space    used 6899K, committed 7360K, reserved 1048576K
}
Event: 2992.218 GC heap after
{Heap after GC invocations=100 (full 0):
 garbage-first heap   total reserved 2027520K, committed 86016K, used 24074K [0x0000000084400000, 0x0000000100000000)
  region size 1024K, 2 young (2048K), 2 survivors (2048K)
 Metaspace       used 54111K, committed 54976K, reserved 1114112K
  class space    used 6899K, committed 7360K, reserved 1048576K
}
Event: 2992.401 GC heap before
{Heap before GC invocations=100 (full 0):
 garbage-first heap   total reserved 2027520K, committed 86016K, used 72202K [0x0000000084400000, 0x0000000100000000)
  region size 1024K, 50 young (51200K), 2 survivors (2048K)
 Metaspace       used 54111K, committed 54976K, reserved 1114112K
  class space    used 6899K, committed 7360K, reserved 1048576K
}
Event: 2992.403 GC heap after
{Heap after GC invocations=101 (full 0):
 garbage-first heap   total reserved 2027520K, committed 86016K, used 23862K [0x0000000084400000, 0x0000000100000000)
  region size 1024K, 1 young (1024K), 1 survivors (1024K)
 Metaspace       used 54111K, committed 54976K, reserved 1114112K
  class space    used 6899K, committed 7360K, reserved 1048576K
}
Event: 2992.590 GC heap before
{Heap before GC invocations=101 (full 0):
 garbage-first heap   total reserved 2027520K, committed 86016K, used 73014K [0x0000000084400000, 0x0000000100000000)
  region size 1024K, 50 young (51200K), 1 survivors (1024K)
 Metaspace       used 54111K, committed 54976K, reserved 1114112K
  class space    used 6899K, committed 7360K, reserved 1048576K
}
Event: 2992.591 GC heap after
{Heap after GC invocations=102 (full 0):
 garbage-first heap   total reserved 2027520K, committed 86016K, used 24083K [0x0000000084400000, 0x0000000100000000)
  region size 1024K, 2 young (2048K), 2 survivors (2048K)
 Metaspace       used 54111K, committed 54976K, reserved 1114112K
  class space    used 6899K, committed 7360K, reserved 1048576K
}
Event: 2992.805 GC heap before
{Heap before GC invocations=103 (full 0):
 garbage-first heap   total reserved 2027520K, committed 86016K, used 72211K [0x0000000084400000, 0x0000000100000000)
  region size 1024K, 50 young (51200K), 2 survivors (2048K)
 Metaspace       used 54111K, committed 54976K, reserved 1114112K
  class space    used 6899K, committed 7360K, reserved 1048576K
}
Event: 2992.806 GC heap after
{Heap after GC invocations=104 (full 0):
 garbage-first heap   total reserved 2027520K, committed 86016K, used 24453K [0x0000000084400000, 0x0000000100000000)
  region size 1024K, 2 young (2048K), 2 survivors (2048K)
 Metaspace       used 54111K, committed 54976K, reserved 1114112K
  class space    used 6899K, committed 7360K, reserved 1048576K
}
Event: 2992.989 GC heap before
{Heap before GC invocations=104 (full 0):
 garbage-first heap   total reserved 2027520K, committed 86016K, used 72581K [0x0000000084400000, 0x0000000100000000)
  region size 1024K, 50 young (51200K), 2 survivors (2048K)
 Metaspace       used 54111K, committed 54976K, reserved 1114112K
  class space    used 6899K, committed 7360K, reserved 1048576K
}
Event: 2992.991 GC heap after
{Heap after GC invocations=105 (full 0):
 garbage-first heap   total reserved 2027520K, committed 86016K, used 23842K [0x0000000084400000, 0x0000000100000000)
  region size 1024K, 1 young (1024K), 1 survivors (1024K)
 Metaspace       used 54111K, committed 54976K, reserved 1114112K
  class space    used 6899K, committed 7360K, reserved 1048576K
}
Event: 2993.176 GC heap before
{Heap before GC invocations=105 (full 0):
 garbage-first heap   total reserved 2027520K, committed 86016K, used 72994K [0x0000000084400000, 0x0000000100000000)
  region size 1024K, 50 young (51200K), 1 survivors (1024K)
 Metaspace       used 54111K, committed 54976K, reserved 1114112K
  class space    used 6899K, committed 7360K, reserved 1048576K
}
Event: 2993.178 GC heap after
{Heap after GC invocations=106 (full 0):
 garbage-first heap   total reserved 2027520K, committed 86016K, used 24173K [0x0000000084400000, 0x0000000100000000)
  region size 1024K, 2 young (2048K), 2 survivors (2048K)
 Metaspace       used 54111K, committed 54976K, reserved 1114112K
  class space    used 6899K, committed 7360K, reserved 1048576K
}
Event: 2993.383 GC heap before
{Heap before GC invocations=107 (full 0):
 garbage-first heap   total reserved 2027520K, committed 86016K, used 72301K [0x0000000084400000, 0x0000000100000000)
  region size 1024K, 50 young (51200K), 2 survivors (2048K)
 Metaspace       used 54111K, committed 54976K, reserved 1114112K
  class space    used 6899K, committed 7360K, reserved 1048576K
}
Event: 2993.384 GC heap after
{Heap after GC invocations=108 (full 0):
 garbage-first heap   total reserved 2027520K, committed 103424K, used 24082K [0x0000000084400000, 0x0000000100000000)
  region size 1024K, 2 young (2048K), 2 survivors (2048K)
 Metaspace       used 54111K, committed 54976K, reserved 1114112K
  class space    used 6899K, committed 7360K, reserved 1048576K
}
Event: 3002.026 GC heap before
{Heap before GC invocations=108 (full 0):
 garbage-first heap   total reserved 2027520K, committed 103424K, used 82450K [0x0000000084400000, 0x0000000100000000)
  region size 1024K, 60 young (61440K), 2 survivors (2048K)
 Metaspace       used 54111K, committed 54976K, reserved 1114112K
  class space    used 6900K, committed 7360K, reserved 1048576K
}
Event: 3002.028 GC heap after
{Heap after GC invocations=109 (full 0):
 garbage-first heap   total reserved 2027520K, committed 103424K, used 24019K [0x0000000084400000, 0x0000000100000000)
  region size 1024K, 2 young (2048K), 2 survivors (2048K)
 Metaspace       used 54111K, committed 54976K, reserved 1114112K
  class space    used 6900K, committed 7360K, reserved 1048576K
}
Event: 3002.206 GC heap before
{Heap before GC invocations=109 (full 0):
 garbage-first heap   total reserved 2027520K, committed 103424K, used 82387K [0x0000000084400000, 0x0000000100000000)
  region size 1024K, 60 young (61440K), 2 survivors (2048K)
 Metaspace       used 54111K, committed 54976K, reserved 1114112K
  class space    used 6900K, committed 7360K, reserved 1048576K
}
Event: 3002.207 GC heap after
{Heap after GC invocations=110 (full 0):
 garbage-first heap   total reserved 2027520K, committed 103424K, used 24085K [0x0000000084400000, 0x0000000100000000)
  region size 1024K, 2 young (2048K), 2 survivors (2048K)
 Metaspace       used 54111K, committed 54976K, reserved 1114112K
  class space    used 6900K, committed 7360K, reserved 1048576K
}
Event: 3002.339 GC heap before
{Heap before GC invocations=111 (full 0):
 garbage-first heap   total reserved 2027520K, committed 86016K, used 72213K [0x0000000084400000, 0x0000000100000000)
  region size 1024K, 50 young (51200K), 2 survivors (2048K)
 Metaspace       used 54111K, committed 54976K, reserved 1114112K
  class space    used 6900K, committed 7360K, reserved 1048576K
}
Event: 3002.340 GC heap after
{Heap after GC invocations=112 (full 0):
 garbage-first heap   total reserved 2027520K, committed 86016K, used 24094K [0x0000000084400000, 0x0000000100000000)
  region size 1024K, 2 young (2048K), 2 survivors (2048K)
 Metaspace       used 54111K, committed 54976K, reserved 1114112K
  class space    used 6900K, committed 7360K, reserved 1048576K
}

Dll operation events (14 events):
Event: 0.015 Loaded shared library C:\Program Files\Java\jdk-22\bin\java.dll
Event: 0.043 Loaded shared library C:\Program Files\Java\jdk-22\bin\jsvml.dll
Event: 0.107 Loaded shared library C:\Program Files\Java\jdk-22\bin\zip.dll
Event: 0.112 Loaded shared library C:\Program Files\Java\jdk-22\bin\instrument.dll
Event: 0.116 Loaded shared library C:\Program Files\Java\jdk-22\bin\net.dll
Event: 0.118 Loaded shared library C:\Program Files\Java\jdk-22\bin\nio.dll
Event: 0.122 Loaded shared library C:\Program Files\Java\jdk-22\bin\zip.dll
Event: 0.214 Loaded shared library C:\Program Files\JetBrains\IntelliJ IDEA Community Edition 2024.3.2.1\bin\breakgen64.dll
Event: 0.221 Loaded shared library C:\Program Files\Java\jdk-22\bin\extnet.dll
Event: 0.241 Loaded shared library C:\Program Files\Java\jdk-22\bin\jimage.dll
Event: 0.865 Loaded shared library C:\Program Files\Java\jdk-22\bin\le.dll
Event: 1.602 Loaded shared library C:\Program Files\Java\jdk-22\bin\sunmscapi.dll
Event: 2.766 Loaded shared library C:\Program Files\Java\jdk-22\bin\management.dll
Event: 2.768 Loaded shared library C:\Program Files\Java\jdk-22\bin\management_ext.dll

Deoptimization events (20 events):
Event: 2988.282 Thread 0x000002ad74bda840 Uncommon trap: trap_request=0xffffff45 fr.pc=0x000002ad205ff3c4 relative=0x0000000000000224
Event: 2988.283 Thread 0x000002ad74bda840 Uncommon trap: reason=unstable_if action=reinterpret pc=0x000002ad205ff3c4 method=java.util.concurrent.ConcurrentLinkedDeque.skipDeletedSuccessors(Ljava/util/concurrent/ConcurrentLinkedDeque$Node;)V @ 33 c2
Event: 2988.283 Thread 0x000002ad74bda840 DEOPT PACKING pc=0x000002ad205ff3c4 sp=0x000000fece2f91d0
Event: 2988.283 Thread 0x000002ad74bda840 DEOPT UNPACKING pc=0x000002ad1fc47da2 sp=0x000000fece2f9170 mode 2
Event: 2989.764 Thread 0x000002ad74bda840 Uncommon trap: trap_request=0xffffff45 fr.pc=0x000002ad202ad76c relative=0x0000000000000b2c
Event: 2989.764 Thread 0x000002ad74bda840 Uncommon trap: reason=unstable_if action=reinterpret pc=0x000002ad202ad76c method=java.util.concurrent.ConcurrentLinkedDeque.unlinkLast(Ljava/util/concurrent/ConcurrentLinkedDeque$Node;Ljava/util/concurrent/ConcurrentLinkedDeque$Node;)V @ 61 c2
Event: 2989.764 Thread 0x000002ad74bda840 DEOPT PACKING pc=0x000002ad202ad76c sp=0x000000fece2f9d20
Event: 2989.764 Thread 0x000002ad74bda840 DEOPT UNPACKING pc=0x000002ad1fc47da2 sp=0x000000fece2f9c40 mode 2
Event: 2991.345 Thread 0x000002ad74bd9b20 DEOPT PACKING pc=0x000002ad19123109 sp=0x000000fece0fe510
Event: 2991.345 Thread 0x000002ad74bd9b20 DEOPT UNPACKING pc=0x000002ad1fc488e2 sp=0x000000fece0fd930 mode 0
Event: 2992.665 Thread 0x000002ad74bda840 DEOPT PACKING pc=0x000002ad19a44551 sp=0x000000fece2fe530
Event: 2992.665 Thread 0x000002ad74bda840 DEOPT UNPACKING pc=0x000002ad1fc488e2 sp=0x000000fece2fd958 mode 0
Event: 3002.400 Thread 0x000002ad74bdbbf0 Uncommon trap: trap_request=0xffffff45 fr.pc=0x000002ad20499d58 relative=0x0000000000002f78
Event: 3002.400 Thread 0x000002ad74bdbbf0 Uncommon trap: reason=unstable_if action=reinterpret pc=0x000002ad20499d58 method=org.apache.tomcat.util.net.NioEndpoint$NioSocketWrapper.fillReadBuffer(ZLjava/nio/ByteBuffer;)I @ 208 c2
Event: 3002.400 Thread 0x000002ad74bdbbf0 DEOPT PACKING pc=0x000002ad20499d58 sp=0x000000fece5feda0
Event: 3002.400 Thread 0x000002ad74bdbbf0 DEOPT UNPACKING pc=0x000002ad1fc47da2 sp=0x000000fece5fed90 mode 2
Event: 3002.401 Thread 0x000002ad74bdbbf0 Uncommon trap: trap_request=0xffffff9d fr.pc=0x000002ad20481a34 relative=0x0000000000001234
Event: 3002.401 Thread 0x000002ad74bdbbf0 Uncommon trap: reason=unreached action=reinterpret pc=0x000002ad20481a34 method=org.apache.coyote.http11.Http11InputBuffer.fill(Z)Z @ 290 c2
Event: 3002.401 Thread 0x000002ad74bdbbf0 DEOPT PACKING pc=0x000002ad20481a34 sp=0x000000fece5fee80
Event: 3002.401 Thread 0x000002ad74bdbbf0 DEOPT UNPACKING pc=0x000002ad1fc47da2 sp=0x000000fece5feea0 mode 2

Classes loaded (20 events):
Event: 62.844 Loading class sun/nio/cs/Surrogate
Event: 62.844 Loading class sun/nio/cs/Surrogate done
Event: 62.844 Loading class java/nio/StringCharBuffer
Event: 62.844 Loading class java/nio/StringCharBuffer done
Event: 1353.851 Loading class sun/reflect/generics/reflectiveObjects/GenericArrayTypeImpl
Event: 1353.856 Loading class sun/reflect/generics/reflectiveObjects/GenericArrayTypeImpl done
Event: 1359.883 Loading class java/util/concurrent/locks/ReentrantReadWriteLock$Sync$HoldCounter
Event: 1359.886 Loading class java/util/concurrent/locks/ReentrantReadWriteLock$Sync$HoldCounter done
Event: 2975.059 Loading class java/io/PushbackInputStream
Event: 2975.067 Loading class java/io/PushbackInputStream done
Event: 2975.508 Loading class java/text/ParsePosition
Event: 2975.509 Loading class java/text/ParsePosition done
Event: 2975.511 Loading class java/time/format/DateTimeParseContext
Event: 2975.513 Loading class java/time/format/DateTimeParseContext done
Event: 2975.513 Loading class java/time/format/Parsed
Event: 2975.518 Loading class java/time/format/Parsed done
Event: 2975.702 Loading class java/util/Base64$Decoder
Event: 2975.703 Loading class java/util/Base64$Decoder done
Event: 2988.830 Loading class sun/util/locale/LocaleExtensions
Event: 2988.832 Loading class sun/util/locale/LocaleExtensions done

Classes unloaded (20 events):
Event: 2979.124 Thread 0x000002ad2cf10e30 Unloading class 0x000002ad2e706000 'java/lang/invoke/LambdaForm$BMH+0x000002ad2e706000'
Event: 2979.124 Thread 0x000002ad2cf10e30 Unloading class 0x000002ad2e705800 'java/lang/invoke/LambdaForm$BMH+0x000002ad2e705800'
Event: 2979.124 Thread 0x000002ad2cf10e30 Unloading class 0x000002ad2e705400 'java/lang/invoke/LambdaForm$BMH+0x000002ad2e705400'
Event: 2979.124 Thread 0x000002ad2cf10e30 Unloading class 0x000002ad2e705000 'java/lang/invoke/LambdaForm$BMH+0x000002ad2e705000'
Event: 2979.124 Thread 0x000002ad2cf10e30 Unloading class 0x000002ad2e704c00 'java/lang/invoke/LambdaForm$BMH+0x000002ad2e704c00'
Event: 2979.124 Thread 0x000002ad2cf10e30 Unloading class 0x000002ad2e704800 'java/lang/invoke/LambdaForm$DMH+0x000002ad2e704800'
Event: 2979.124 Thread 0x000002ad2cf10e30 Unloading class 0x000002ad2e704400 'java/lang/invoke/LambdaForm$DMH+0x000002ad2e704400'
Event: 2979.124 Thread 0x000002ad2cf10e30 Unloading class 0x000002ad2e703400 'java/lang/invoke/LambdaForm$DMH+0x000002ad2e703400'
Event: 2979.124 Thread 0x000002ad2cf10e30 Unloading class 0x000002ad2e704000 'java/lang/invoke/LambdaForm$DMH+0x000002ad2e704000'
Event: 2979.124 Thread 0x000002ad2cf10e30 Unloading class 0x000002ad2e703c00 'java/lang/invoke/LambdaForm$DMH+0x000002ad2e703c00'
Event: 2979.124 Thread 0x000002ad2cf10e30 Unloading class 0x000002ad2e702400 'java/lang/invoke/LambdaForm$MH+0x000002ad2e702400'
Event: 2979.124 Thread 0x000002ad2cf10e30 Unloading class 0x000002ad2e702000 'java/lang/invoke/LambdaForm$MH+0x000002ad2e702000'
Event: 2979.124 Thread 0x000002ad2cf10e30 Unloading class 0x000002ad2e701c00 'java/lang/invoke/LambdaForm$MH+0x000002ad2e701c00'
Event: 2979.124 Thread 0x000002ad2cf10e30 Unloading class 0x000002ad2e702c00 'java/lang/invoke/LambdaForm$MH+0x000002ad2e702c00'
Event: 2979.124 Thread 0x000002ad2cf10e30 Unloading class 0x000002ad2e702800 'java/lang/invoke/LambdaForm$MH+0x000002ad2e702800'
Event: 2979.124 Thread 0x000002ad2cf10e30 Unloading class 0x000002ad2e701800 'java/lang/invoke/LambdaForm$MH+0x000002ad2e701800'
Event: 2979.124 Thread 0x000002ad2cf10e30 Unloading class 0x000002ad2e700c00 'java/lang/invoke/LambdaForm$MH+0x000002ad2e700c00'
Event: 2979.124 Thread 0x000002ad2cf10e30 Unloading class 0x000002ad2e701000 'java/lang/invoke/LambdaForm$MH+0x000002ad2e701000'
Event: 2979.124 Thread 0x000002ad2cf10e30 Unloading class 0x000002ad2e701400 'java/lang/invoke/LambdaForm$MH+0x000002ad2e701400'
Event: 2979.124 Thread 0x000002ad2cf10e30 Unloading class 0x000002ad2e700800 'java/lang/invoke/LambdaForm$MH+0x000002ad2e700800'

Classes redefined (0 events):
No events

Internal exceptions (20 events):
Event: 2975.562 Thread 0x000002ad74bdc280 Exception <a 'java/lang/NoSuchMethodError'{0x000000009d2bd690}: 'java.lang.Object java.lang.invoke.DirectMethodHandle$Holder.invokeSpecial(java.lang.Object, java.lang.Object, java.lang.Object, java.lang.Object, java.lang.Object, java.lang.Object, java.lang.Object, java.lang.Object, java.lang.Object, java.lang.Object, java.lang.Object, java.lang.Object, java.lang.Object)'> (0x000000009d2bd690) 
thrown [s\open\src\hotspot\share\interpreter\linkResolver.cpp, line 774]
Event: 2975.562 Thread 0x000002ad74bdc280 Exception <a 'java/lang/NoSuchMethodError'{0x000000009d2c1c98}: 'java.lang.Object java.lang.invoke.Invokers$Holder.invoker(java.lang.Object, java.lang.Object, java.lang.Object, java.lang.Object, java.lang.Object, java.lang.Object, java.lang.Object, java.lang.Object, java.lang.Object, java.lang.Object, java.lang.Object, java.lang.Object, java.lang.Object)'> (0x000000009d2c1c98) 
thrown [s\open\src\hotspot\share\interpreter\linkResolver.cpp, line 774]
Event: 2975.562 Thread 0x000002ad74bda840 Exception <a 'java/lang/NoSuchMethodError'{0x000000009d2815c0}: 'java.lang.Object java.lang.invoke.Invokers$Holder.invoker(java.lang.Object, java.lang.Object, java.lang.Object, java.lang.Object, java.lang.Object, java.lang.Object, java.lang.Object, java.lang.Object, java.lang.Object, java.lang.Object, java.lang.Object, java.lang.Object, java.lang.Object)'> (0x000000009d2815c0) 
thrown [s\open\src\hotspot\share\interpreter\linkResolver.cpp, line 774]
Event: 2975.562 Thread 0x000002ad74bd6010 Exception <a 'java/lang/NoSuchMethodError'{0x000000009d2cc068}: 'java.lang.Object java.lang.invoke.Invokers$Holder.invoker(java.lang.Object, java.lang.Object, java.lang.Object, java.lang.Object, java.lang.Object, java.lang.Object, java.lang.Object, java.lang.Object, java.lang.Object, java.lang.Object, java.lang.Object, java.lang.Object, java.lang.Object)'> (0x000000009d2cc068) 
thrown [s\open\src\hotspot\share\interpreter\linkResolver.cpp, line 774]
Event: 2975.562 Thread 0x000002ad74bdb560 Exception <a 'java/lang/NoSuchMethodError'{0x000000009d232918}: 'java.lang.Object java.lang.invoke.Invokers$Holder.invoker(java.lang.Object, java.lang.Object, java.lang.Object, java.lang.Object, java.lang.Object, java.lang.Object, java.lang.Object, java.lang.Object, java.lang.Object, java.lang.Object, java.lang.Object, java.lang.Object, java.lang.Object)'> (0x000000009d232918) 
thrown [s\open\src\hotspot\share\interpreter\linkResolver.cpp, line 774]
Event: 2975.562 Thread 0x000002ad74bd9490 Exception <a 'java/lang/NoSuchMethodError'{0x000000009d3f0bd0}: 'java.lang.Object java.lang.invoke.Invokers$Holder.invoker(java.lang.Object, java.lang.Object, java.lang.Object, java.lang.Object, java.lang.Object, java.lang.Object, java.lang.Object, java.lang.Object, java.lang.Object, java.lang.Object, java.lang.Object, java.lang.Object, java.lang.Object)'> (0x000000009d3f0bd0) 
thrown [s\open\src\hotspot\share\interpreter\linkResolver.cpp, line 774]
Event: 2975.563 Thread 0x000002ad74bdc280 Exception <a 'java/lang/NoSuchMethodError'{0x000000009d2d51a8}: 'java.lang.Object java.lang.invoke.DelegatingMethodHandle$Holder.delegate(java.lang.Object, java.lang.Object, java.lang.Object, java.lang.Object, java.lang.Object, java.lang.Object, java.lang.Object, java.lang.Object, java.lang.Object, java.lang.Object, java.lang.Object, java.lang.Object, java.lang.Object)'> (0x000000009d2d51a8) 
thrown [s\open\src\hotspot\share\interpreter\linkResolver.cpp, line 774]
Event: 2975.563 Thread 0x000002ad74bda840 Exception <a 'java/lang/NoSuchMethodError'{0x000000009d2db588}: 'java.lang.Object java.lang.invoke.DelegatingMethodHandle$Holder.delegate(java.lang.Object, java.lang.Object, java.lang.Object, java.lang.Object, java.lang.Object, java.lang.Object, java.lang.Object, java.lang.Object, java.lang.Object, java.lang.Object, java.lang.Object, java.lang.Object, java.lang.Object)'> (0x000000009d2db588) 
thrown [s\open\src\hotspot\share\interpreter\linkResolver.cpp, line 774]
Event: 2975.563 Thread 0x000002ad74bdc910 Exception <a 'java/lang/NoSuchMethodError'{0x000000009d2c8148}: 'java.lang.Object java.lang.invoke.DelegatingMethodHandle$Holder.delegate(java.lang.Object, java.lang.Object, java.lang.Object, java.lang.Object, java.lang.Object, java.lang.Object, java.lang.Object, java.lang.Object, java.lang.Object, java.lang.Object, java.lang.Object, java.lang.Object, java.lang.Object)'> (0x000000009d2c8148) 
thrown [s\open\src\hotspot\share\interpreter\linkResolver.cpp, line 774]
Event: 2975.563 Thread 0x000002ad74bdb560 Exception <a 'java/lang/NoSuchMethodError'{0x000000009d2372e0}: 'java.lang.Object java.lang.invoke.DelegatingMethodHandle$Holder.delegate(java.lang.Object, java.lang.Object, java.lang.Object, java.lang.Object, java.lang.Object, java.lang.Object, java.lang.Object, java.lang.Object, java.lang.Object, java.lang.Object, java.lang.Object, java.lang.Object, java.lang.Object)'> (0x000000009d2372e0) 
thrown [s\open\src\hotspot\share\interpreter\linkResolver.cpp, line 774]
Event: 2975.563 Thread 0x000002ad74bd6010 Exception <a 'java/lang/NoSuchMethodError'{0x000000009d2d0a30}: 'java.lang.Object java.lang.invoke.DelegatingMethodHandle$Holder.delegate(java.lang.Object, java.lang.Object, java.lang.Object, java.lang.Object, java.lang.Object, java.lang.Object, java.lang.Object, java.lang.Object, java.lang.Object, java.lang.Object, java.lang.Object, java.lang.Object, java.lang.Object)'> (0x000000009d2d0a30) 
thrown [s\open\src\hotspot\share\interpreter\linkResolver.cpp, line 774]
Event: 2975.837 Thread 0x000002ad74bdc280 Implicit null exception at 0x000002ad202ffac0 to 0x000002ad202ffcf0
Event: 3002.401 Thread 0x000002ad74bdbbf0 Exception <a 'java/net/SocketException'{0x0000000088dfd3e8}: Connection reset by peer: shutdown> (0x0000000088dfd3e8) 
thrown [s\open\src\hotspot\share\prims\jni.cpp, line 539]
Event: 3003.454 Thread 0x000002ad74bdb560 Exception <a 'java/net/SocketException'{0x0000000088706a20}: Connection reset by peer: shutdown> (0x0000000088706a20) 
thrown [s\open\src\hotspot\share\prims\jni.cpp, line 539]
Event: 3004.435 Thread 0x000002ad74bd9490 Exception <a 'java/net/SocketException'{0x000000008878b2a8}: Connection reset by peer: shutdown> (0x000000008878b2a8) 
thrown [s\open\src\hotspot\share\prims\jni.cpp, line 539]
Event: 3005.479 Thread 0x000002ad74bdc910 Exception <a 'java/net/SocketException'{0x00000000886eaf20}: Connection reset by peer: shutdown> (0x00000000886eaf20) 
thrown [s\open\src\hotspot\share\prims\jni.cpp, line 539]
Event: 3006.459 Thread 0x000002ad74bdc280 Exception <a 'java/net/SocketException'{0x0000000088694678}: Connection reset by peer: shutdown> (0x0000000088694678) 
thrown [s\open\src\hotspot\share\prims\jni.cpp, line 539]
Event: 3007.490 Thread 0x000002ad74bda840 Exception <a 'java/net/SocketException'{0x0000000087d9b710}: Connection reset by peer: shutdown> (0x0000000087d9b710) 
thrown [s\open\src\hotspot\share\prims\jni.cpp, line 539]
Event: 3008.498 Thread 0x000002ad74bdbbf0 Exception <a 'java/net/SocketException'{0x0000000087f16d48}: Connection reset by peer: shutdown> (0x0000000087f16d48) 
thrown [s\open\src\hotspot\share\prims\jni.cpp, line 539]
Event: 3009.508 Thread 0x000002ad74bdc280 Exception <a 'java/net/SocketException'{0x0000000087974e68}: Connection reset by peer: shutdown> (0x0000000087974e68) 
thrown [s\open\src\hotspot\share\prims\jni.cpp, line 539]

ZGC Phase Switch (0 events):
No events

VM Operations (20 events):
Event: 3002.026 Executing VM operation: G1CollectForAllocation (G1 Evacuation Pause)
Event: 3002.028 Executing VM operation: G1CollectForAllocation (G1 Evacuation Pause) done
Event: 3002.206 Executing VM operation: G1CollectForAllocation (G1 Evacuation Pause)
Event: 3002.207 Executing VM operation: G1CollectForAllocation (G1 Evacuation Pause) done
Event: 3002.220 Executing VM operation: G1PauseRemark
Event: 3002.222 Executing VM operation: G1PauseRemark done
Event: 3002.230 Executing VM operation: G1PauseCleanup
Event: 3002.230 Executing VM operation: G1PauseCleanup done
Event: 3002.339 Executing VM operation: G1CollectForAllocation (G1 Evacuation Pause)
Event: 3002.340 Executing VM operation: G1CollectForAllocation (G1 Evacuation Pause) done
Event: 3003.344 Executing VM operation: Cleanup
Event: 3003.453 Executing VM operation: Cleanup done
Event: 3004.465 Executing VM operation: Cleanup
Event: 3005.479 Executing VM operation: Cleanup done
Event: 3006.489 Executing VM operation: Cleanup
Event: 3006.489 Executing VM operation: Cleanup done
Event: 3006.613 Executing VM operation: HandshakeAllThreads (HandshakeForDeflation)
Event: 3006.613 Executing VM operation: HandshakeAllThreads (HandshakeForDeflation) done
Event: 3006.613 Executing VM operation: RendezvousGCThreads
Event: 3006.613 Executing VM operation: RendezvousGCThreads done

Memory protections (0 events):
No events

Nmethod flushes (20 events):
Event: 3002.222 Thread 0x000002ad2cf10e30 flushing  nmethod 0x000002ad18b49610
Event: 3002.222 Thread 0x000002ad2cf10e30 flushing  nmethod 0x000002ad18b92790
Event: 3002.222 Thread 0x000002ad2cf10e30 flushing  nmethod 0x000002ad194d9a90
Event: 3002.222 Thread 0x000002ad2cf10e30 flushing  nmethod 0x000002ad195bda90
Event: 3002.222 Thread 0x000002ad2cf10e30 flushing  nmethod 0x000002ad195f8910
Event: 3002.222 Thread 0x000002ad2cf10e30 flushing  nmethod 0x000002ad19200f90
Event: 3002.222 Thread 0x000002ad2cf10e30 flushing  nmethod 0x000002ad18ae2710
Event: 3002.222 Thread 0x000002ad2cf10e30 flushing  nmethod 0x000002ad18aec990
Event: 3002.222 Thread 0x000002ad2cf10e30 flushing  nmethod 0x000002ad19a43210
Event: 3002.222 Thread 0x000002ad2cf10e30 flushing  nmethod 0x000002ad1976f290
Event: 3002.222 Thread 0x000002ad2cf10e30 flushing  nmethod 0x000002ad19425190
Event: 3002.222 Thread 0x000002ad2cf10e30 flushing  nmethod 0x000002ad19697f90
Event: 3002.222 Thread 0x000002ad2cf10e30 flushing  nmethod 0x000002ad196b2f10
Event: 3002.222 Thread 0x000002ad2cf10e30 flushing  nmethod 0x000002ad196c0510
Event: 3002.222 Thread 0x000002ad2cf10e30 flushing  nmethod 0x000002ad187aef10
Event: 3002.222 Thread 0x000002ad2cf10e30 flushing  nmethod 0x000002ad187d0e10
Event: 3002.222 Thread 0x000002ad2cf10e30 flushing  nmethod 0x000002ad187d1a10
Event: 3002.222 Thread 0x000002ad2cf10e30 flushing  nmethod 0x000002ad19294890
Event: 3002.222 Thread 0x000002ad2cf10e30 flushing  nmethod 0x000002ad192be790
Event: 3002.222 Thread 0x000002ad2cf10e30 flushing  nmethod 0x000002ad192fa890

Events (20 events):
Event: 4.308 Thread 0x000002ad0dfa08f0 Thread added: 0x000002ad74bda840
Event: 4.308 Thread 0x000002ad0dfa08f0 Thread added: 0x000002ad74bdc280
Event: 4.308 Thread 0x000002ad0dfa08f0 Thread added: 0x000002ad74bda1b0
Event: 4.308 Thread 0x000002ad0dfa08f0 Thread added: 0x000002ad74bdbbf0
Event: 4.308 Thread 0x000002ad0dfa08f0 Thread added: 0x000002ad74bdc910
Event: 4.319 Thread 0x000002ad0dfa08f0 Thread added: 0x000002ad2cf38fc0
Event: 4.320 Thread 0x000002ad0dfa08f0 Thread added: 0x000002ad77cbe130
Event: 4.330 Thread 0x000002ad0dfa08f0 Thread added: 0x000002ad77cbe7c0
Event: 4.338 Thread 0x000002ad0dfa08f0 Thread exited: 0x000002ad0dfa08f0
Event: 4.338 Thread 0x000002ad77cbd410 Thread added: 0x000002ad77cbd410
Event: 7.332 Thread 0x000002ad72318290 Thread exited: 0x000002ad72318290
Event: 2978.578 Thread 0x000002ad2cf4b0e0 Thread added: 0x000002ad7629da30
Event: 2982.396 Thread 0x000002ad7629da30 Thread exited: 0x000002ad7629da30
Event: 2986.953 Thread 0x000002ad2cf4b0e0 Thread added: 0x000002ad742d5f30
Event: 2988.388 Thread 0x000002ad742d5f30 Thread exited: 0x000002ad742d5f30
Event: 2990.948 Thread 0x000002ad2cf4b0e0 Thread added: 0x000002ad742d43f0
Event: 2992.665 Thread 0x000002ad742d43f0 Thread exited: 0x000002ad742d43f0
Event: 2993.373 Thread 0x000002ad2cf4eca0 Thread added: 0x000002ad742d43f0
Event: 3001.864 Thread 0x000002ad742d43f0 Thread exited: 0x000002ad742d43f0
Event: 3002.404 Thread 0x000002ad2cf4eca0 Thread added: 0x000002ad742d4ac0


Dynamic libraries:
0x00007ff6b7950000 - 0x00007ff6b7960000 	C:\Program Files\Java\jdk-22\bin\java.exe
0x00007ffd29d40000 - 0x00007ffd29fa6000 	C:\WINDOWS\SYSTEM32\ntdll.dll
0x00007ffd28630000 - 0x00007ffd286f9000 	C:\WINDOWS\System32\KERNEL32.DLL
0x00007ffd271a0000 - 0x00007ffd2759e000 	C:\WINDOWS\System32\KERNELBASE.dll
0x00007ffd27660000 - 0x00007ffd277ac000 	C:\WINDOWS\System32\ucrtbase.dll
0x00007ffd14390000 - 0x00007ffd143a7000 	C:\Program Files\Java\jdk-22\bin\jli.dll
0x00007ffd0d480000 - 0x00007ffd0d49b000 	C:\Program Files\Java\jdk-22\bin\VCRUNTIME140.dll
0x00007ffd294a0000 - 0x00007ffd29667000 	C:\WINDOWS\System32\USER32.dll
0x00007ffd27a40000 - 0x00007ffd27a67000 	C:\WINDOWS\System32\win32u.dll
0x00007ffd0a2f0000 - 0x00007ffd0a582000 	C:\WINDOWS\WinSxS\amd64_microsoft.windows.common-controls_6595b64144ccf1df_6.0.26100.8894_none_3e0f749ee32e02ea\COMCTL32.dll
0x00007ffd28800000 - 0x00007ffd2882b000 	C:\WINDOWS\System32\GDI32.dll
0x00007ffd277c0000 - 0x00007ffd278ea000 	C:\WINDOWS\System32\gdi32full.dll
0x00007ffd29730000 - 0x00007ffd297d9000 	C:\WINDOWS\System32\msvcrt.dll
0x00007ffd275b0000 - 0x00007ffd27653000 	C:\WINDOWS\System32\msvcp_win.dll
0x00007ffd29b10000 - 0x00007ffd29b42000 	C:\WINDOWS\System32\IMM32.DLL
0x00007ffd0d470000 - 0x00007ffd0d47c000 	C:\Program Files\Java\jdk-22\bin\vcruntime140_1.dll
0x00007ffd0c960000 - 0x00007ffd0c9ee000 	C:\Program Files\Java\jdk-22\bin\msvcp140.dll
0x00007ffc7cb60000 - 0x00007ffc7d8a9000 	C:\Program Files\Java\jdk-22\bin\server\jvm.dll
0x00007ffd29670000 - 0x00007ffd29727000 	C:\WINDOWS\System32\ADVAPI32.dll
0x00007ffd28d60000 - 0x00007ffd28e0a000 	C:\WINDOWS\System32\sechost.dll
0x00007ffd28ff0000 - 0x00007ffd29108000 	C:\WINDOWS\System32\RPCRT4.dll
0x00007ffd27a80000 - 0x00007ffd27b00000 	C:\WINDOWS\System32\WS2_32.dll
0x00007ffd25aa0000 - 0x00007ffd25afe000 	C:\WINDOWS\SYSTEM32\POWRPROF.dll
0x00007ffd1b2e0000 - 0x00007ffd1b316000 	C:\WINDOWS\SYSTEM32\WINMM.dll
0x00007ffd1c510000 - 0x00007ffd1c51b000 	C:\WINDOWS\SYSTEM32\VERSION.dll
0x00007ffd25a80000 - 0x00007ffd25a94000 	C:\WINDOWS\SYSTEM32\UMPDC.dll
0x00007ffd25d60000 - 0x00007ffd25d7b000 	C:\WINDOWS\SYSTEM32\kernel.appcore.dll
0x00007ffd0c950000 - 0x00007ffd0c95a000 	C:\Program Files\Java\jdk-22\bin\jimage.dll
0x00007ffd24420000 - 0x00007ffd24662000 	C:\WINDOWS\SYSTEM32\DBGHELP.DLL
0x00007ffd29110000 - 0x00007ffd29493000 	C:\WINDOWS\System32\combase.dll
0x00007ffd28f10000 - 0x00007ffd28fe9000 	C:\WINDOWS\System32\OLEAUT32.dll
0x00007ffd03ab0000 - 0x00007ffd03aeb000 	C:\WINDOWS\SYSTEM32\dbgcore.DLL
0x00007ffd27980000 - 0x00007ffd27a2c000 	C:\WINDOWS\System32\bcryptPrimitives.dll
0x00007ffcf7ac0000 - 0x00007ffcf7acf000 	C:\Program Files\Java\jdk-22\bin\instrument.dll
0x00007ffd0c930000 - 0x00007ffd0c94e000 	C:\Program Files\Java\jdk-22\bin\java.dll
0x00007ffd27ca0000 - 0x00007ffd28432000 	C:\WINDOWS\System32\SHELL32.dll
0x00007ffd29b60000 - 0x00007ffd29cf9000 	C:\WINDOWS\System32\ole32.dll
0x00007ffd24a00000 - 0x00007ffd25292000 	C:\WINDOWS\SYSTEM32\windows.storage.dll
0x00007ffd28e10000 - 0x00007ffd28f07000 	C:\WINDOWS\System32\SHCORE.dll
0x00007ffd28cf0000 - 0x00007ffd28d57000 	C:\WINDOWS\System32\shlwapi.dll
0x00007ffd26e80000 - 0x00007ffd26ea9000 	C:\WINDOWS\SYSTEM32\profapi.dll
0x00007ffd0c6b0000 - 0x00007ffd0c787000 	C:\Program Files\Java\jdk-22\bin\jsvml.dll
0x00007ffd0c660000 - 0x00007ffd0c677000 	C:\Program Files\Java\jdk-22\bin\zip.dll
0x00007ffd0c6a0000 - 0x00007ffd0c6b0000 	C:\Program Files\Java\jdk-22\bin\net.dll
0x00007ffd26310000 - 0x00007ffd2637c000 	C:\WINDOWS\system32\mswsock.dll
0x00007ffd0c680000 - 0x00007ffd0c696000 	C:\Program Files\Java\jdk-22\bin\nio.dll
0x00007ffcf7a60000 - 0x00007ffcf7a7a000 	C:\Program Files\JetBrains\IntelliJ IDEA Community Edition 2024.3.2.1\bin\breakgen64.dll
0x00007ffcf7aa0000 - 0x00007ffcf7aa9000 	C:\Program Files\Java\jdk-22\bin\extnet.dll
0x00007ffcf7a50000 - 0x00007ffcf7a5b000 	C:\Program Files\Java\jdk-22\bin\le.dll
0x00007ffcf7ab0000 - 0x00007ffcf7abe000 	C:\Program Files\Java\jdk-22\bin\sunmscapi.dll
0x00007ffd27020000 - 0x00007ffd27198000 	C:\WINDOWS\System32\CRYPT32.dll
0x00007ffd26850000 - 0x00007ffd26880000 	C:\WINDOWS\SYSTEM32\ncrypt.dll
0x00007ffd26800000 - 0x00007ffd2683f000 	C:\WINDOWS\SYSTEM32\NTASN1.dll
0x00007ffd26610000 - 0x00007ffd2662b000 	C:\WINDOWS\SYSTEM32\CRYPTSP.dll
0x00007ffd25cc0000 - 0x00007ffd25cf9000 	C:\WINDOWS\system32\rsaenh.dll
0x00007ffd263d0000 - 0x00007ffd26402000 	C:\WINDOWS\SYSTEM32\USERENV.dll
0x00007ffd26e50000 - 0x00007ffd26e7a000 	C:\WINDOWS\SYSTEM32\bcrypt.dll
0x00007ffd26630000 - 0x00007ffd2663c000 	C:\WINDOWS\SYSTEM32\CRYPTBASE.dll
0x00007ffd25730000 - 0x00007ffd25763000 	C:\WINDOWS\SYSTEM32\IPHLPAPI.DLL
0x00007ffd27a70000 - 0x00007ffd27a7a000 	C:\WINDOWS\System32\NSI.dll
0x00007ffcf7a90000 - 0x00007ffcf7a9a000 	C:\Program Files\Java\jdk-22\bin\management.dll
0x00007ffcf7a80000 - 0x00007ffcf7a8b000 	C:\Program Files\Java\jdk-22\bin\management_ext.dll
0x00007ffd29ae0000 - 0x00007ffd29ae8000 	C:\WINDOWS\System32\PSAPI.DLL
0x00007ffd25770000 - 0x00007ffd258c6000 	C:\WINDOWS\SYSTEM32\DNSAPI.dll
0x00007ffd260f0000 - 0x00007ffd260fd000 	C:\WINDOWS\SYSTEM32\DSPARSE.dll
0x00007ffd1d490000 - 0x00007ffd1d49b000 	C:\Windows\System32\rasadhlp.dll
0x00007ffd20e50000 - 0x00007ffd20ed6000 	C:\WINDOWS\System32\fwpuclnt.dll
0x00007ffcdf1a0000 - 0x00007ffcdf1a8000 	C:\WINDOWS\system32\wshunix.dll

dbghelp: loaded successfully - version: 4.0.5 - missing functions: none
symbol engine: initialized successfully - sym options: 0x614 - pdb path: .;C:\Program Files\Java\jdk-22\bin;C:\WINDOWS\SYSTEM32;C:\WINDOWS\WinSxS\amd64_microsoft.windows.common-controls_6595b64144ccf1df_6.0.26100.8894_none_3e0f749ee32e02ea;C:\Program Files\Java\jdk-22\bin\server;C:\Program Files\JetBrains\IntelliJ IDEA Community Edition 2024.3.2.1\bin

VM Arguments:
jvm_args: -javaagent:C:\Program Files\JetBrains\IntelliJ IDEA Community Edition 2024.3.2.1\lib\idea_rt.jar=61373:C:\Program Files\JetBrains\IntelliJ IDEA Community Edition 2024.3.2.1\bin -Dfile.encoding=UTF-8 -Dsun.stdout.encoding=UTF-8 -Dsun.stderr.encoding=UTF-8 
java_command: com.Job_Portal.JobPortalApplication
java_class_path (initial): D:\Project\Job-Portal\Backend\Job-Portal\target\classes;C:\Users\sarup\.m2\repository\org\springframework\boot\spring-boot-starter-mail\4.1.0\spring-boot-starter-mail-4.1.0.jar;C:\Users\sarup\.m2\repository\org\springframework\boot\spring-boot-starter\4.1.0\spring-boot-starter-4.1.0.jar;C:\Users\sarup\.m2\repository\org\springframework\boot\spring-boot-starter-logging\4.1.0\spring-boot-starter-logging-4.1.0.jar;C:\Users\sarup\.m2\repository\ch\qos\logback\logback-classic\1.5.34\logback-classic-1.5.34.jar;C:\Users\sarup\.m2\repository\ch\qos\logback\logback-core\1.5.34\logback-core-1.5.34.jar;C:\Users\sarup\.m2\repository\org\apache\logging\log4j\log4j-to-slf4j\2.25.4\log4j-to-slf4j-2.25.4.jar;C:\Users\sarup\.m2\repository\org\apache\logging\log4j\log4j-api\2.25.4\log4j-api-2.25.4.jar;C:\Users\sarup\.m2\repository\org\slf4j\jul-to-slf4j\2.0.18\jul-to-slf4j-2.0.18.jar;C:\Users\sarup\.m2\repository\org\springframework\boot\spring-boot-autoconfigure\4.1.0\spring-boot-autoconfigure-4.1.0.jar;C:\Users\sarup\.m2\repository\jakarta\annotation\jakarta.annotation-api\3.0.0\jakarta.annotation-api-3.0.0.jar;C:\Users\sarup\.m2\repository\org\yaml\snakeyaml\2.6\snakeyaml-2.6.jar;C:\Users\sarup\.m2\repository\org\springframework\boot\spring-boot-mail\4.1.0\spring-boot-mail-4.1.0.jar;C:\Users\sarup\.m2\repository\org\springframework\boot\spring-boot\4.1.0\spring-boot-4.1.0.jar;C:\Users\sarup\.m2\repository\org\springframework\spring-context\7.0.8\spring-context-7.0.8.jar;C:\Users\sarup\.m2\repository\org\springframework\spring-context-support\7.0.8\spring-context-support-7.0.8.jar;C:\Users\sarup\.m2\repository\jakarta\mail\jakarta.mail-api\2.1.5\jakarta.mail-api-2.1.5.jar;C:\Users\sarup\.m2\repository\jakarta\activation\jakarta.activation-api\2.1.4\jakarta.activation-api-2.1.4.jar;C:\Users\sarup\.m2\repository\org\eclipse\angus\angus-mail\2.0.5\angus-mail-2.0.5.jar;C:\Users\sarup\.m2\repository\org\eclipse\angus\angus-activation\2.0.3\angus-activation-2.0.3.jar;C:\Users\sarup\.m2\repository\org\springframework\boot\spring-boot-starter-validation\4.1.0\spring-boot-starter-validation-4.1.0.jar;C:\Users\sarup\.m2\repository\org\springframework\boot\spring-boot-validation\4.1.0\spring-boot-validation-4.1.0.jar;C:\Users\sarup\.m2\repository\org\apache\tomcat\embed\tomcat-embed-el\11.0.22\tomcat-embed-el-11.0.22.jar;C:\Users\sarup\.m2\repository\org\hibernate\validator\hibernate-validator\9.1.0.Final\hibernate-validator-9.1.0.Final.jar;C:\Users\sarup\.m2\repository\jakarta\validation\jakarta.validation-api\3.1.1\jakarta.validation-api-3.1.1.jar;C:\Users\sarup\.m2\repository\org\jboss\logging\jboss-logging\3.6.3.Final\jboss-logging-3.6.3.Final.jar;C:\Users\sarup\.m2\repository\com\fasterxml\classmate\1.7.3\classmate-1.7.3.jar;C:\Users\sarup\.m2\repository\org\springframework\boot\spring-boot-starter-security\4.1.0\spring-boot-starter-security-4.1.0.jar;C:\Users\sarup\.m2\repository\org\springframework\boot\spring-boot-security\4.1.0\spring-boot-security-4.1.0.jar;C:\Users\sarup\.m2\repository\org\springframework\security\spring-security-config\7.1.0\spring-security-config-7.1.0.jar;C:\Users\sarup\.m2\repository\org\springframework\security\spring-security-core\7.1.0\spring-security-core-7.1.0.jar;C:\Users\sarup\.m2\repository\org\springframework\security\spring-security-crypto\7.1.0\spring-security-crypto-7.1.0.jar;C:\Users\sarup\.m2\repository\org\springframework\security\spring-security-web\7.1.0\spring-security-web-7.1.0.jar;C:\Users\sarup\.m2\repository\org\springframework\spring-expression\7.0.8\spring-expression-7.0.8.jar;C:\Users\sarup\.m2\repository\org\springframework\spring-aop\7.0.8\spring-aop-7.0.8.jar;C:\Users\sarup\.m2\repository\org\springframework\spring-beans\7.0.8\spring-beans-7.0.8.jar;C:\Users\sarup\.m2\repository\org\springframework\spring-core\7.0.8\spring-core-7.0.8.jar;C:\Users\sarup\.m2\repository\commons-logging\commons-logging\1.3.6\commons-logging-1.3.6.jar;C:\Users\sarup\.m2\repository\org\jspecify\jspecify\1.0.0\jspecify-1.0.0.jar;C:\Users\sarup\.m2\repository\org\springframework\boot\spring-boot-starter-webmvc\4.1.0\spring-boot-starter-webmvc-4.1.0.jar;C:\Users\sarup\.m2\repository\org\springframework\boot\spring-boot-starter-jackson\4.1.0\spring-boot-starter-jackson-4.1.0.jar;C:\Users\sarup\.m2\repository\org\springframework\boot\spring-boot-jackson\4.1.0\spring-boot-jackson-4.1.0.jar;C:\Users\sarup\.m2\repository\tools\jackson\core\jackson-databind\3.1.4\jackson-databind-3.1.4.jar;C:\Users\sarup\.m2\repository\com\fasterxml\jackson\core\jackson-annotations\2.21\jackson-annotations-2.21.jar;C:\Users\sarup\.m2\repository\tools\jackson\core\jackson-core\3.1.4\jackson-core-3.1.4.jar;C:\Users\sarup\.m2\repository\org\springframework\boot\spring-boot-starter-tomcat\4.1.0\spring-boot-starter-tomcat-4.1.0.jar;C:\Users\sarup\.m2\repository\org\springframework\boot\spring-boot-starter-tomcat-runtime\4.1.0\spring-boot-starter-tomcat-runtime-4.1.0.jar;C:\Users\sarup\.m2\repository\org\apache\tomcat\embed\tomcat-embed-core\11.0.22\tomcat-embed-core-11.0.22.jar;C:\Users\sarup\.m2\repository\org\apache\tomcat\embed\tomcat-embed-websocket\11.0.22\tomcat-embed-websocket-11.0.22.jar;C:\Users\sarup\.m2\repository\org\springframework\boot\spring-boot-tomcat\4.1.0\spring-boot-tomcat-4.1.0.jar;C:\Users\sarup\.m2\repository\org\springframework\boot\spring-boot-http-converter\4.1.0\spring-boot-http-converter-4.1.0.jar;C:\Users\sarup\.m2\repository\org\springframework\spring-web\7.0.8\spring-web-7.0.8.jar;C:\Users\sarup\.m2\repository\io\micrometer\micrometer-observation\1.17.0\micrometer-observation-1.17.0.jar;C:\Users\sarup\.m2\repository\io\micrometer\micrometer-commons\1.17.0\micrometer-commons-1.17.0.jar;C:\Users\sarup\.m2\repository\org\springframework\boot\spring-boot-webmvc\4.1.0\spring-boot-webmvc-4.1.0.jar;C:\Users\sarup\.m2\repository\org\springframework\boot\spring-boot-servlet\4.1.0\spring-boot-servlet-4.1.0.jar;C:\Users\sarup\.m2\repository\org\springframework\spring-webmvc\7.0.8\spring-webmvc-7.0.8.jar;C:\Users\sarup\.m2\repository\org\springframework\boot\spring-boot-starter-data-mongodb\4.1.0\spring-boot-starter-data-mongodb-4.1.0.jar;C:\Users\sarup\.m2\repository\org\springframework\boot\spring-boot-starter-mongodb\4.1.0\spring-boot-starter-mongodb-4.1.0.jar;C:\Users\sarup\.m2\repository\org\springframework\boot\spring-boot-mongodb\4.1.0\spring-boot-mongodb-4.1.0.jar;C:\Users\sarup\.m2\repository\org\mongodb\mongodb-driver-sync\5.8.0\mongodb-driver-sync-5.8.0.jar;C:\Users\sarup\.m2\repository\org\mongodb\bson\5.8.0\bson-5.8.0.jar;C:\Users\sarup\.m2\repository\org\mongodb\mongodb-driver-core\5.8.0\mongodb-driver-core-5.8.0.jar;C:\Users\sarup\.m2\repository\org\mongodb\bson-record-codec\5.8.0\bson-record-codec-5.8.0.jar;C:\Users\sarup\.m2\repository\org\springframework\boot\spring-boot-data-mongodb\4.1.0\spring-boot-data-mongodb-4.1.0.jar;C:\Users\sarup\.m2\repository\org\springframework\boot\spring-boot-data-commons\4.1.0\spring-boot-data-commons-4.1.0.jar;C:\Users\sarup\.m2\repository\org\springframework\boot\spring-boot-persistence\4.1.0\spring-boot-persistence-4.1.0.jar;C:\Users\sarup\.m2\repository\org\springframework\data\spring-data-commons\4.1.0\spring-data-commons-4.1.0.jar;C:\Users\sarup\.m2\repository\org\springframework\boot\spring-boot-transaction\4.1.0\spring-boot-transaction-4.1.0.jar;C:\Users\sarup\.m2\repository\org\springframework\spring-tx\7.0.8\spring-tx-7.0.8.jar;C:\Users\sarup\.m2\repository\org\springframework\data\spring-data-mongodb\5.1.0\spring-data-mongodb-5.1.0.jar;C:\Users\sarup\.m2\repository\org\slf4j\slf4j-api\2.0.18\slf4j-api-2.0.18.jar;C:\Users\sarup\.m2\repository\org\projectlombok\lombok\1.18.46\lombok-1.18.46.jar;C:\Users\sarup\.m2\repository\org\springframework\boot\spring-boot-web-server\4.1.0\spring-boot-web-server-4.1.0.jar
Launcher Type: SUN_STANDARD

[Global flags]
     intx CICompilerCount                          = 4                                         {product} {ergonomic}
     uint ConcGCThreads                            = 3                                         {product} {ergonomic}
     uint G1ConcRefinementThreads                  = 10                                        {product} {ergonomic}
   size_t G1HeapRegionSize                         = 1048576                                   {product} {ergonomic}
   size_t InitialHeapSize                          = 130023424                                 {product} {ergonomic}
   size_t MarkStackSize                            = 4194304                                   {product} {ergonomic}
   size_t MaxHeapSize                              = 2076180480                                {product} {ergonomic}
   size_t MaxNewSize                               = 1245708288                                {product} {ergonomic}
   size_t MinHeapDeltaBytes                        = 1048576                                   {product} {ergonomic}
   size_t MinHeapSize                              = 8388608                                   {product} {ergonomic}
    uintx NonNMethodCodeHeapSize                   = 5839372                                {pd product} {ergonomic}
    uintx NonProfiledCodeHeapSize                  = 122909434                              {pd product} {ergonomic}
    uintx ProfiledCodeHeapSize                     = 122909434                              {pd product} {ergonomic}
    uintx ReservedCodeCacheSize                    = 251658240                              {pd product} {ergonomic}
     bool SegmentedCodeCache                       = true                                      {product} {ergonomic}
   size_t SoftMaxHeapSize                          = 2076180480                             {manageable} {ergonomic}
     bool UseCompressedOops                        = true                           {product lp64_product} {ergonomic}
     bool UseG1GC                                  = true                                      {product} {ergonomic}
     bool UseLargePagesIndividualAllocation        = false                                  {pd product} {ergonomic}

Logging:
Log output configuration:
 #0: stdout all=warning uptime,level,tags foldmultilines=false
 #1: stderr all=off uptime,level,tags foldmultilines=false

Environment Variables:
PATH=C:\Program Files\Common Files\Oracle\Java\javapath;C:\Windows\system32;C:\Windows;C:\Windows\System32\Wbem;C:\Windows\System32\WindowsPowerShell\v1.0\;C:\Windows\System32\OpenSSH\;C:\Program Files (x86)\NVIDIA Corporation\PhysX\Common;C:\Program Files\NVIDIA Corporation\NVIDIA NvDLISR;C:\xampp\php;C:\Program Files\nodejs\;C:\Program Files\MySQL\MySQL Server 8.0\bin;C:\WINDOWS\system32;C:\WINDOWS;C:\WINDOWS\System32\Wbem;C:\WINDOWS\System32\WindowsPowerShell\v1.0\;C:\WINDOWS\System32\OpenSSH\;D:\DowenloadGit\Git\cmd;C:\Users\sarup\Downloads\apache-maven-3.9.14-bin\apache-maven-3.9.14\bin;C:\Program Files\MySQL\MySQL Shell 8.0\bin\;C:\Users\sarup\AppData\Local\Microsoft\WindowsApps;C:\MinGW\bin;C:\Users\sarup\AppData\Local\Programs\Microsoft VS Code\bin;C:\msys64\ucrt64\bin;C:\Program Files\Java\jdk-22\bin;C:\Program Files\JetBrains\IntelliJ IDEA Community Edition 2024.3.2.1\bin;C:\Users\sarup\Downloads\apache-maven-3.9.14-bin;;C:\Users\sarup\AppData\Roaming\npm;C:\Program Files\nodejs;
USERNAME=SOUMEN
OS=Windows_NT
PROCESSOR_IDENTIFIER=Intel64 Family 6 Model 141 Stepping 1, GenuineIntel
TMP=C:\Users\sarup\AppData\Local\Temp
TEMP=C:\Users\sarup\AppData\Local\Temp




Periodic native trim disabled

---------------  S Y S T E M  ---------------

OS:
 Windows 11 , 64 bit Build 26100 (10.0.26100.8875)
OS uptime: 0 days 0:53 hours
Hyper-V role detected

CPU: total 12 (initial active 12) (6 cores per cpu, 2 threads per core) family 6 model 141 stepping 1 microcode 0x50, cx8, cmov, fxsr, ht, mmx, 3dnowpref, sse, sse2, sse3, ssse3, sse4.1, sse4.2, popcnt, lzcnt, tsc, tscinvbit, avx, avx2, aes, erms, clmul, bmi1, bmi2, adx, avx512f, avx512dq, avx512cd, avx512bw, avx512vl, sha, fma, vzeroupper, avx512_vpopcntdq, avx512_vpclmulqdq, avx512_vaes, avx512_vnni, clflush, clflushopt, clwb, avx512_vbmi2, avx512_vbmi, hv, rdtscp, rdpid, fsrm, gfni, avx512_bitalg, f16c, cet_ibt, cet_ss, avx512_ifma
Processor Information for all 12 processors :
  Max Mhz: 2688, Current Mhz: 2688, Mhz Limit: 2688

Memory: 4k page, system-wide physical 7914M (320M free)
TotalPageFile size 28039M (AvailPageFile size 0M)
current process WorkingSet (physical memory assigned to process): 219M, peak: 482M
current process commit charge ("private bytes"): 307M, peak: 675M

vm_info: Java HotSpot(TM) 64-Bit Server VM (22.0.2+9-70) for windows-amd64 JRE (22.0.2+9-70), built on 2024-06-04T16:52:23Z by "mach5one" with MS VC++ 17.6 (VS2022)

END.
